SELFCHECK OK
resume: 0 done
[19:09:06] Q6@off       numeric  i0 -> PASS think=    0 vis= 250 wall=  6.94s
[19:09:14] Q6@off       numeric  i1 -> PASS think=    0 vis= 235 wall=  7.39s
[19:09:19] Q6@off       numeric  i2 -> PASS think=    0 vis= 176 wall=  5.78s
[19:09:29] Q6@off       numeric  i3 -> PASS think=    0 vis= 320 wall=   9.9s
[19:09:37] Q6@off       numeric  i4 -> PASS think=    0 vis= 274 wall=  8.11s
[19:09:41] Q6@off       json     i0 -> PASS think=    0 vis= 106 wall=  3.58s
[19:09:43] Q6@off       json     i1 -> PASS think=    0 vis=  75 wall=  2.49s
[19:09:46] Q6@off       json     i2 -> FAIL think=    0 vis=  76 wall=  2.65s
[19:09:49] Q6@off       json     i3 -> PASS think=    0 vis=  77 wall=  2.49s
[19:09:51] Q6@off       json     i4 -> PASS think=    0 vis=  45 wall=  2.13s
[19:09:53] Q6@off       code     i0 -> PASS think=    0 vis=  52 wall=  1.81s
[19:09:57] Q6@off       code     i1 -> PASS think=    0 vis= 153 wall=  4.44s
[19:09:59] Q6@off       code     i2 -> PASS think=    0 vis=  37 wall=  1.47s
[19:10:00] Q6@off       code     i3 -> PASS think=    0 vis=  43 wall=   1.6s
[19:10:03] Q6@off       code     i4 -> PASS think=    0 vis=  93 wall=  2.81s
[19:10:11] Q6@off       multihop i0 -> PASS think=    0 vis= 180 wall=  7.83s
[19:10:19] Q6@off       multihop i1 -> PASS think=    0 vis= 134 wall=  8.43s
[19:10:26] Q6@off       multihop i2 -> PASS think=    0 vis= 137 wall=   6.8s
[19:10:30] Q6@off       multihop i3 -> PASS think=    0 vis=  39 wall=   4.0s
[19:10:37] Q6@off       multihop i4 -> PASS think=    0 vis= 134 wall=   6.8s
[19:10:43] Q6@xhigh     numeric  i0 -> PASS think=  148 vis=   2 wall=  6.25s
[19:10:48] Q6@xhigh     numeric  i1 -> PASS think=   74 vis=   2 wall=  4.62s
[19:10:51] Q6@xhigh     numeric  i2 -> PASS think=   86 vis=   1 wall=  3.54s
[19:10:58] Q6@xhigh     numeric  i3 -> PASS think=  169 vis=   3 wall=  7.14s
[19:11:06] Q6@xhigh     numeric  i4 -> PASS think=  195 vis=   4 wall=  7.82s
[19:11:19] Q6@xhigh     json     i0 -> PASS think=  267 vis= 106 wall= 13.04s
[19:11:34] Q6@xhigh     json     i1 -> PASS think=  325 vis=  75 wall= 14.73s
[19:11:53] Q6@xhigh     json     i2 -> FAIL think=  345 vis=  76 wall= 18.49s
[19:11:58] Q6@xhigh     json     i3 -> PASS think=   86 vis=  77 wall=  5.84s
[19:12:14] Q6@xhigh     json     i4 -> PASS think=  353 vis=  45 wall= 15.86s
[19:15:13] Q6@xhigh     code     i0 -> FAIL think= 4096 vis=   0 wall=178.49s
[19:15:25] Q6@xhigh     code     i1 -> PASS think=  235 vis= 155 wall= 11.96s
[19:15:36] Q6@xhigh     code     i2 -> PASS think=  241 vis=  37 wall= 11.07s
[19:15:41] Q6@xhigh     code     i3 -> PASS think=  110 vis=  43 wall=  5.28s
[19:15:52] Q6@xhigh     code     i4 -> PASS think=  210 vis= 117 wall= 10.44s
[19:16:00] Q6@xhigh     multihop i0 -> PASS think=  152 vis=   4 wall=  8.39s
[19:16:09] Q6@xhigh     multihop i1 -> PASS think=  160 vis=   3 wall=  8.67s
[19:16:17] Q6@xhigh     multihop i2 -> PASS think=  136 vis=   3 wall=  7.84s
[19:16:23] Q6@xhigh     multihop i3 -> PASS think=   85 vis=  10 wall=  6.53s
[19:16:33] Q6@xhigh     multihop i4 -> PASS think=  192 vis=   1 wall=  9.51s
[19:16:48] Q8@off       numeric  i0 -> PASS think=    0 vis= 250 wall= 15.31s
[19:16:57] Q8@off       numeric  i1 -> PASS think=    0 vis= 235 wall=  8.56s
[19:17:03] Q8@off       numeric  i2 -> PASS think=    0 vis= 177 wall=  6.51s
[19:17:14] Q8@off       numeric  i3 -> PASS think=    0 vis= 357 wall= 11.22s
[19:17:26] Q8@off       numeric  i4 -> PASS think=    0 vis= 365 wall= 11.96s
[19:17:30] Q8@off       json     i0 -> PASS think=    0 vis= 106 wall=  3.99s
[19:17:33] Q8@off       json     i1 -> PASS think=    0 vis=  75 wall=  2.74s
[19:17:36] Q8@off       json     i2 -> FAIL think=    0 vis=  76 wall=  2.94s
[19:17:39] Q8@off       json     i3 -> PASS think=    0 vis=  77 wall=  2.76s
[19:17:41] Q8@off       json     i4 -> PASS think=    0 vis=  68 wall=  2.56s
[19:17:43] Q8@off       code     i0 -> PASS think=    0 vis=  52 wall=  2.01s
[19:17:48] Q8@off       code     i1 -> PASS think=    0 vis= 153 wall=   5.0s
[19:17:50] Q8@off       code     i2 -> PASS think=    0 vis=  37 wall=  1.63s
[19:17:52] Q8@off       code     i3 -> PASS think=    0 vis=  43 wall=  1.77s
[19:17:55] Q8@off       code     i4 -> PASS think=    0 vis=  93 wall=  3.13s
[19:18:04] Q8@off       multihop i0 -> PASS think=    0 vis= 181 wall=  8.53s
[19:18:12] Q8@off       multihop i1 -> PASS think=    0 vis= 122 wall=  7.98s
[19:18:19] Q8@off       multihop i2 -> PASS think=    0 vis= 137 wall=  7.25s
[19:18:23] Q8@off       multihop i3 -> PASS think=    0 vis=  34 wall=  3.97s
[19:18:31] Q8@off       multihop i4 -> PASS think=    0 vis= 173 wall=  8.56s
[19:18:38] Q8@xhigh     numeric  i0 -> PASS think=  148 vis=   2 wall=  7.01s
[19:18:44] Q8@xhigh     numeric  i1 -> PASS think=   99 vis=   2 wall=  5.73s
[19:18:48] Q8@xhigh     numeric  i2 -> PASS think=   94 vis=   1 wall=  4.32s
[19:18:56] Q8@xhigh     numeric  i3 -> PASS think=  182 vis=   3 wall=  7.88s
[19:19:05] Q8@xhigh     numeric  i4 -> PASS think=  191 vis=   4 wall=  8.45s
[19:19:23] Q8@xhigh     json     i0 -> PASS think=  329 vis= 106 wall= 18.43s
[19:19:40] Q8@xhigh     json     i1 -> PASS think=  332 vis=  75 wall= 16.48s
[19:20:00] Q8@xhigh     json     i2 -> FAIL think=  336 vis=  76 wall= 20.36s
[19:20:07] Q8@xhigh     json     i3 -> PASS think=   86 vis=  77 wall=  6.56s
[19:20:24] Q8@xhigh     json     i4 -> PASS think=  276 vis=  68 wall= 17.35s
[19:21:25] Q8@xhigh     code     i0 -> PASS think= 1325 vis=  52 wall= 61.37s
[19:21:54] Q8@xhigh     code     i1 -> PASS think=  539 vis= 157 wall= 29.04s
[19:22:04] Q8@xhigh     code     i2 -> PASS think=  185 vis=  37 wall=  9.73s
[19:22:10] Q8@xhigh     code     i3 -> PASS think=  110 vis=  43 wall=  5.94s
[19:22:22] Q8@xhigh     code     i4 -> PASS think=  210 vis= 117 wall= 11.81s
[19:22:32] Q8@xhigh     multihop i0 -> PASS think=  155 vis=   4 wall=  9.77s
[19:22:42] Q8@xhigh     multihop i1 -> PASS think=  173 vis=   3 wall=  9.72s
[19:22:50] Q8@xhigh     multihop i2 -> PASS think=  153 vis=   3 wall=  8.23s
[19:22:57] Q8@xhigh     multihop i3 -> PASS think=  103 vis=  10 wall=   7.1s
[19:23:07] Q8@xhigh     multihop i4 -> PASS think=  200 vis=   1 wall=  9.74s
[19:23:13] Q8@medium    numeric  i0 -> PASS think=  125 vis=  12 wall=  6.35s
[19:23:21] Q8@medium    numeric  i1 -> PASS think=  102 vis=  83 wall=  7.95s
[19:23:26] Q8@medium    numeric  i2 -> PASS think=   70 vis=  53 wall=   5.2s
[19:23:33] Q8@medium    numeric  i3 -> PASS think=  104 vis=  63 wall=   6.7s
[19:23:42] Q8@medium    numeric  i4 -> PASS think=  134 vis= 128 wall=  8.79s
[19:23:49] Q8@medium    json     i0 -> PASS think=  138 vis=  74 wall=  7.53s
[19:23:59] Q8@medium    json     i1 -> FAIL think=  212 vis=  44 wall=   9.5s
[19:24:10] Q8@medium    json     i2 -> FAIL think=  245 vis=  46 wall= 11.74s
[19:24:16] Q8@medium    json     i3 -> PASS think=  127 vis=  48 wall=  5.95s
[19:24:25] Q8@medium    json     i4 -> PASS think=  199 vis=  68 wall=  8.75s
[19:24:32] Q8@medium    code     i0 -> PASS think=  126 vis=  52 wall=  6.51s
[19:25:02] Q8@medium    code     i1 -> PASS think=  321 vis= 155 wall= 15.52s
[19:25:08] Q8@medium    code     i2 -> PASS think=  132 vis=  37 wall=  6.41s
[19:25:17] Q8@medium    code     i3 -> PASS think=  194 vis=  43 wall=  8.32s
[19:25:28] Q8@medium    code     i4 -> PASS think=  220 vis=  87 wall= 11.56s
[19:25:37] Q8@medium    multihop i0 -> PASS think=  115 vis=  80 wall=   9.1s
[19:25:50] Q8@medium    multihop i1 -> PASS think=  215 vis=  65 wall= 12.53s
[19:25:56] Q8@medium    multihop i2 -> PASS think=   88 vis=  26 wall=  6.49s
[19:26:04] Q8@medium    multihop i3 -> PASS think=  104 vis=  47 wall=  7.73s
[19:26:17] Q8@medium    multihop i4 -> PASS think=  185 vis=  96 wall= 13.08s
battery complete
