SELFCHECK OK | truths: [49, 124, 5, 12, 5, 56, 84, 85, 462, 2]
resume: 0 done
[19:30:24] Q8@off      i0 -> PASS exp=49 got=49 think=    0 wall= 29.74s
[19:30:40] Q8@off      i1 -> PASS exp=124 got=124 think=    0 wall= 16.33s
[19:31:10] Q8@off      i2 -> PASS exp=5 got=5 think=    0 wall= 29.27s
[19:31:35] Q8@off      i3 -> PASS exp=12 got=12 think=    0 wall= 25.71s
[19:32:19] Q8@off      i4 -> PASS exp=5 got=5 think=    0 wall= 43.26s
[19:32:38] Q8@off      i5 -> FAIL exp=56 got=35 think=    0 wall= 19.69s
[19:32:58] Q8@off      i6 -> PASS exp=84 got=84 think=    0 wall= 19.13s
[19:33:21] Q8@off      i7 -> PASS exp=85 got=85 think=    0 wall= 23.28s
[19:33:39] Q8@off      i8 -> PASS exp=462 got=462 think=    0 wall= 17.63s
[19:33:50] Q8@off      i9 -> PASS exp=2 got=2 think=    0 wall= 11.79s
[19:34:13] Q8@xhigh    i0 -> PASS exp=49 got=49 think=  441 wall=  22.2s
[19:34:24] Q8@xhigh    i1 -> PASS exp=124 got=124 think=  159 wall= 11.62s
[19:34:54] Q8@xhigh    i2 -> PASS exp=5 got=5 think=  299 wall= 15.01s
[19:35:24] Q8@xhigh    i3 -> PASS exp=12 got=12 think=  591 wall= 29.78s
[19:35:50] Q8@xhigh    i4 -> PASS exp=5 got=5 think=  340 wall= 26.21s
[19:36:01] Q8@xhigh    i5 -> FAIL exp=56 got=35 think=  174 wall=  11.6s
[19:36:11] Q8@xhigh    i6 -> PASS exp=84 got=84 think=  142 wall=  9.18s
[19:36:31] Q8@xhigh    i7 -> PASS exp=85 got=85 think=  354 wall= 20.43s
[19:36:39] Q8@xhigh    i8 -> PASS exp=462 got=462 think=  105 wall=   7.5s
[19:36:50] Q8@xhigh    i9 -> PASS exp=2 got=2 think=   97 wall= 11.22s
[19:37:17] Q8@medium   i0 -> PASS exp=49 got=49 think=  616 wall=  26.8s
[19:37:31] Q8@medium   i1 -> PASS exp=124 got=124 think=  159 wall= 14.01s
[19:37:49] Q8@medium   i2 -> PASS exp=5 got=5 think=  305 wall= 18.34s
[19:38:50] Q8@medium   i3 -> PASS exp=12 got=12 think= 1320 wall= 61.42s
[19:39:19] Q8@medium   i4 -> PASS exp=5 got=5 think=  457 wall= 28.65s
[19:39:27] Q8@medium   i5 -> FAIL exp=56 got=35 think=   93 wall=  7.63s
[19:39:37] Q8@medium   i6 -> PASS exp=84 got=84 think=  154 wall= 10.24s
[19:39:54] Q8@medium   i7 -> PASS exp=85 got=85 think=  248 wall=  17.0s
[19:40:03] Q8@medium   i8 -> PASS exp=462 got=462 think=  110 wall=  9.32s
[19:40:13] Q8@medium   i9 -> PASS exp=2 got=2 think=   87 wall=  9.29s
[19:40:48] Q6@off      i0 -> PASS exp=49 got=49 think=    0 wall= 35.39s
[19:41:04] Q6@off      i1 -> PASS exp=124 got=124 think=    0 wall= 16.19s
[19:41:34] Q6@off      i2 -> PASS exp=5 got=5 think=    0 wall=  29.6s
[19:42:07] Q6@off      i3 -> PASS exp=12 got=12 think=    0 wall= 32.77s
[19:42:48] Q6@off      i4 -> PASS exp=5 got=5 think=    0 wall= 41.76s
[19:43:05] Q6@off      i5 -> FAIL exp=56 got=35 think=    0 wall= 17.03s
[19:43:24] Q6@off      i6 -> PASS exp=84 got=84 think=    0 wall= 18.18s
[19:43:45] Q6@off      i7 -> PASS exp=85 got=85 think=    0 wall= 21.65s
[19:44:00] Q6@off      i8 -> PASS exp=462 got=462 think=    0 wall= 15.22s
[19:44:11] Q6@off      i9 -> PASS exp=2 got=2 think=    0 wall= 10.57s
[19:44:30] Q6@xhigh    i0 -> PASS exp=49 got=49 think=  440 wall= 19.44s
[19:44:42] Q6@xhigh    i1 -> PASS exp=124 got=124 think=  149 wall= 11.75s
[19:44:55] Q6@xhigh    i2 -> PASS exp=5 got=5 think=  299 wall= 13.09s
[19:45:26] Q6@xhigh    i3 -> PASS exp=12 got=12 think=  692 wall= 31.09s
[19:45:52] Q6@xhigh    i4 -> PASS exp=5 got=5 think=  418 wall= 25.16s
[19:46:04] Q6@xhigh    i5 -> FAIL exp=56 got=35 think=  196 wall= 12.91s
[19:46:14] Q6@xhigh    i6 -> PASS exp=84 got=84 think=  142 wall=  9.62s
[19:46:34] Q6@xhigh    i7 -> PASS exp=85 got=85 think=  371 wall= 19.66s
[19:46:40] Q6@xhigh    i8 -> PASS exp=462 got=462 think=  108 wall=  6.67s
[19:46:49] Q6@xhigh    i9 -> PASS exp=2 got=2 think=  108 wall=  8.79s
battery complete
