[06:41:51] balanced@off     T1 r0 -> success      turns=2 tools=2 tok=  103 empty=0 wall=4.3s
[06:41:55] balanced@off     T1 r1 -> success      turns=2 tools=2 tok=  103 empty=0 wall=4.5s
[06:42:01] balanced@off     T2 r0 -> success      turns=3 tools=2 tok=  125 empty=0 wall=5.5s
[06:42:06] balanced@off     T2 r1 -> success      turns=3 tools=2 tok=  125 empty=0 wall=5.4s
[06:42:10] balanced@off     T3 r0 -> success      turns=2 tools=2 tok=  104 empty=0 wall=4.1s
[06:42:14] balanced@off     T3 r1 -> success      turns=2 tools=2 tok=  104 empty=0 wall=3.9s
[06:42:22] balanced@low     T1 r0 -> success      turns=2 tools=2 tok=  191 empty=0 wall=8.5s
[06:42:29] balanced@low     T1 r1 -> success      turns=2 tools=2 tok=  191 empty=0 wall=6.4s
[06:42:39] balanced@low     T2 r0 -> success      turns=3 tools=2 tok=  219 empty=0 wall=10.1s
[06:42:48] balanced@low     T2 r1 -> success      turns=3 tools=2 tok=  219 empty=0 wall=8.6s
[06:42:55] balanced@low     T3 r0 -> success      turns=2 tools=2 tok=  165 empty=0 wall=7.1s
[06:43:00] balanced@low     T3 r1 -> success      turns=2 tools=2 tok=  165 empty=0 wall=5.3s
[06:43:06] balanced@medium  T1 r0 -> success      turns=2 tools=2 tok=  157 empty=0 wall=5.5s
[06:43:11] balanced@medium  T1 r1 -> success      turns=2 tools=2 tok=  157 empty=0 wall=5.4s
[06:43:19] balanced@medium  T2 r0 -> success      turns=3 tools=2 tok=  185 empty=0 wall=8.0s
[06:43:27] balanced@medium  T2 r1 -> success      turns=3 tools=2 tok=  185 empty=0 wall=7.9s
[06:43:32] balanced@medium  T3 r0 -> success      turns=2 tools=2 tok=  142 empty=0 wall=5.3s
[06:43:37] balanced@medium  T3 r1 -> success      turns=2 tools=2 tok=  142 empty=0 wall=5.3s
[06:43:50] balanced@xhigh   T1 r0 -> success      turns=2 tools=2 tok=  277 empty=0 wall=12.6s
[06:43:58] balanced@xhigh   T1 r1 -> success      turns=2 tools=2 tok=  229 empty=0 wall=8.3s
[06:44:09] balanced@xhigh   T2 r0 -> success      turns=3 tools=2 tok=  218 empty=0 wall=10.8s
[06:44:19] balanced@xhigh   T2 r1 -> success      turns=3 tools=2 tok=  218 empty=0 wall=9.4s
[06:44:33] balanced@xhigh   T3 r0 -> success      turns=2 tools=2 tok=  313 empty=0 wall=14.2s
[06:44:46] balanced@xhigh   T3 r1 -> success      turns=2 tools=2 tok=  319 empty=0 wall=13.0s
[06:45:00] coding           T1 r0 -> success      turns=2 tools=2 tok=  155 empty=0 wall=14.5s
[06:45:06] coding           T1 r1 -> success      turns=2 tools=2 tok=  157 empty=0 wall=5.5s
[06:45:16] coding           T2 r0 -> success      turns=3 tools=2 tok=  198 empty=0 wall=10.3s
[06:45:24] coding           T2 r1 -> success      turns=3 tools=2 tok=  182 empty=0 wall=8.1s
[06:45:31] coding           T3 r0 -> success      turns=2 tools=2 tok=  129 empty=0 wall=6.3s
[06:45:35] coding           T3 r1 -> success      turns=2 tools=2 tok=  129 empty=0 wall=4.7s
e3 complete
